// Vitest Snapshot v1, https://vitest.dev/guide/snapshot.html

exports[`StatsCards - UI Tests > matches snapshot 1`] = `
<DocumentFragment>
  <section
    class="rs-stats"
  >
    <div
      class="rs-card"
    >
      <h3>
        Total Teams
      </h3>
      <div
        style="font-size: 22px; font-weight: 800;"
      >
        3
      </div>
    </div>
    <div
      class="rs-card"
    >
      <h3>
        Total Players
      </h3>
      <div
        style="font-size: 22px; font-weight: 800;"
      >
        12
      </div>
    </div>
    <div
      class="rs-card"
    >
      <h3>
        Matches
      </h3>
      <div
        style="font-size: 22px; font-weight: 800;"
      >
        8
      </div>
    </div>
  </section>
</DocumentFragment>
`;
